IBM-1004_UCS-2 UCSTBL
UCS-2_IBM-1004 UCSTBL
IBM-1006_UCS-2 UCSTBL
UCS-2_IBM-1006 UCSTBL
IBM-1008_UCS-2 UCSTBL
UCS-2_IBM-1008 UCSTBL
IBM-1009_UCS-2 UCSTBL
UCS-2_IBM-1009 UCSTBL
IBM-1010_UCS-2 UCSTBL
UCS-2_IBM-1010 UCSTBL
IBM-1011_UCS-2 UCSTBL
UCS-2_IBM-1011 UCSTBL
IBM-1012_UCS-2 UCSTBL
UCS-2_IBM-1012 UCSTBL
IBM-1013_UCS-2 UCSTBL
UCS-2_IBM-1013 UCSTBL
IBM-1014_UCS-2 UCSTBL
UCS-2_IBM-1014 UCSTBL
IBM-1015_UCS-2 UCSTBL
UCS-2_IBM-1015 UCSTBL
IBM-1016_UCS-2 UCSTBL
UCS-2_IBM-1016 UCSTBL
IBM-1017_UCS-2 UCSTBL
UCS-2_IBM-1017 UCSTBL
IBM-1018_UCS-2 UCSTBL
UCS-2_IBM-1018 UCSTBL
IBM-1019_UCS-2 UCSTBL
UCS-2_IBM-1019 UCSTBL
IBM-1025_UCS-2 UCSTBL
UCS-2_IBM-1025 UCSTBL
IBM-1026_UCS-2 UCSTBL
UCS-2_IBM-1026 UCSTBL
IBM-1027_UCS-2 UCSTBL
UCS-2_IBM-1027 UCSTBL
IBM-1028_UCS-2 UCSTBL
UCS-2_IBM-1028 UCSTBL
IBM-1038_UCS-2 UCSTBL
UCS-2_IBM-1038 UCSTBL
IBM-1040_UCS-2 UCSTBL
UCS-2_IBM-1040 UCSTBL
IBM-1041_UCS-2 UCSTBL
UCS-2_IBM-1041 UCSTBL
IBM-1042_UCS-2 UCSTBL
UCS-2_IBM-1042 UCSTBL
IBM-1043_UCS-2 UCSTBL
UCS-2_IBM-1043 UCSTBL
IBM-1046_UCS-2 UCSTBL
UCS-2_IBM-1046 UCSTBL
IBM-1047_UCS-2 UCSTBL
UCS-2_IBM-1047 UCSTBL
IBM-1050_UCS-2 UCSTBL
UCS-2_IBM-1050 UCSTBL
IBM-1051_UCS-2 UCSTBL
UCS-2_IBM-1051 UCSTBL
IBM-1088_UCS-2 UCSTBL
UCS-2_IBM-1088 UCSTBL
IBM-1089_UCS-2 UCSTBL
UCS-2_IBM-1089 UCSTBL
IBM-1092_UCS-2 UCSTBL
UCS-2_IBM-1092 UCSTBL
IBM-1097_UCS-2 UCSTBL
UCS-2_IBM-1097 UCSTBL
IBM-1098_UCS-2 UCSTBL
UCS-2_IBM-1098 UCSTBL
IBM-1112_UCS-2 UCSTBL
UCS-2_IBM-1112 UCSTBL
IBM-1114_UCS-2 UCSTBL
UCS-2_IBM-1114 UCSTBL
IBM-1115_UCS-2 UCSTBL
UCS-2_IBM-1115 UCSTBL
IBM-1116_UCS-2 UCSTBL
UCS-2_IBM-1116 UCSTBL
IBM-1117_UCS-2 UCSTBL
UCS-2_IBM-1117 UCSTBL
IBM-1118_UCS-2 UCSTBL
UCS-2_IBM-1118 UCSTBL
IBM-1119_UCS-2 UCSTBL
UCS-2_IBM-1119 UCSTBL
IBM-1122_UCS-2 UCSTBL
UCS-2_IBM-1122 UCSTBL
IBM-1123_UCS-2 UCSTBL
UCS-2_IBM-1123 UCSTBL
IBM-1124_UCS-2 UCSTBL
UCS-2_IBM-1124 UCSTBL
IBM-1250_UCS-2 UCSTBL
UCS-2_IBM-1250 UCSTBL
IBM-1251_UCS-2 UCSTBL
UCS-2_IBM-1251 UCSTBL
IBM-1252_UCS-2 UCSTBL
UCS-2_IBM-1252 UCSTBL
IBM-1253_UCS-2 UCSTBL
UCS-2_IBM-1253 UCSTBL
IBM-1254_UCS-2 UCSTBL
UCS-2_IBM-1254 UCSTBL
IBM-1255_UCS-2 UCSTBL
UCS-2_IBM-1255 UCSTBL
IBM-1256_UCS-2 UCSTBL
UCS-2_IBM-1256 UCSTBL
IBM-1257_UCS-2 UCSTBL
UCS-2_IBM-1257 UCSTBL
IBM-1363_UCS-2 UCSTBL
UCS-2_IBM-1363 UCSTBL
IBM-1275_UCS-2 UCSTBL
UCS-2_IBM-1275 UCSTBL
IBM-1276_UCS-2 UCSTBL
UCS-2_IBM-1276 UCSTBL
IBM-1277_UCS-2 UCSTBL
UCS-2_IBM-1277 UCSTBL
IBM-1350_UCS-2 UCSTBL
UCS-2_IBM-1350 UCSTBL
IBM-1351_UCS-2 UCSTBL
UCS-2_IBM-1351 UCSTBL
IBM-1380_UCS-2 UCSTBL
UCS-2_IBM-1380 UCSTBL
IBM-1381_UCS-2 UCSTBL
UCS-2_IBM-1381 UCSTBL
IBM-1382_UCS-2 UCSTBL
UCS-2_IBM-1382 UCSTBL
IBM-1383_UCS-2 UCSTBL
UCS-2_IBM-1383 UCSTBL
IBM-1386_UCS-2 UCSTBL
UCS-2_IBM-1386 UCSTBL
IBM-1388_UCS-2 UCSTBL
UCS-2_IBM-1388 UCSTBL
IBM-256_UCS-2 UCSTBL
UCS-2_IBM-256 UCSTBL
IBM-259_UCS-2 UCSTBL
UCS-2_IBM-259 UCSTBL
IBM-273_UCS-2 UCSTBL
UCS-2_IBM-273 UCSTBL
IBM-274_UCS-2 UCSTBL
UCS-2_IBM-274 UCSTBL
IBM-277_UCS-2 UCSTBL
UCS-2_IBM-277 UCSTBL
IBM-278_UCS-2 UCSTBL
UCS-2_IBM-278 UCSTBL
IBM-280_UCS-2 UCSTBL
UCS-2_IBM-280 UCSTBL
IBM-282_UCS-2 UCSTBL
UCS-2_IBM-282 UCSTBL
IBM-284_UCS-2 UCSTBL
UCS-2_IBM-284 UCSTBL
IBM-285_UCS-2 UCSTBL
UCS-2_IBM-285 UCSTBL
IBM-287_UCS-2 UCSTBL
UCS-2_IBM-287 UCSTBL
IBM-290_UCS-2 UCSTBL
UCS-2_IBM-290 UCSTBL
IBM-293_UCS-2 UCSTBL
UCS-2_IBM-293 UCSTBL
IBM-297_UCS-2 UCSTBL
UCS-2_IBM-297 UCSTBL
IBM-300_UCS-2 UCSTBL
UCS-2_IBM-300 UCSTBL
IBM-301_UCS-2 UCSTBL
UCS-2_IBM-301 UCSTBL
IBM-361_UCS-2 UCSTBL
UCS-2_IBM-361 UCSTBL
IBM-363_UCS-2 UCSTBL
UCS-2_IBM-363 UCSTBL
IBM-367_UCS-2 UCSTBL
UCS-2_IBM-367 UCSTBL
IBM-037_UCS-2 UCSTBL
UCS-2_IBM-037 UCSTBL
IBM-382_UCS-2 UCSTBL
UCS-2_IBM-382 UCSTBL
IBM-383_UCS-2 UCSTBL
UCS-2_IBM-383 UCSTBL
IBM-385_UCS-2 UCSTBL
UCS-2_IBM-385 UCSTBL
IBM-386_UCS-2 UCSTBL
UCS-2_IBM-386 UCSTBL
IBM-387_UCS-2 UCSTBL
UCS-2_IBM-387 UCSTBL
IBM-388_UCS-2 UCSTBL
UCS-2_IBM-388 UCSTBL
IBM-389_UCS-2 UCSTBL
UCS-2_IBM-389 UCSTBL
IBM-391_UCS-2 UCSTBL
UCS-2_IBM-391 UCSTBL
IBM-392_UCS-2 UCSTBL
UCS-2_IBM-392 UCSTBL
IBM-393_UCS-2 UCSTBL
UCS-2_IBM-393 UCSTBL
IBM-394_UCS-2 UCSTBL
UCS-2_IBM-394 UCSTBL
IBM-395_UCS-2 UCSTBL
UCS-2_IBM-395 UCSTBL
IBM-420_UCS-2 UCSTBL
UCS-2_IBM-420 UCSTBL
IBM-423_UCS-2 UCSTBL
UCS-2_IBM-423 UCSTBL
IBM-424_UCS-2 UCSTBL
UCS-2_IBM-424 UCSTBL
IBM-437_UCS-2 UCSTBL
UCS-2_IBM-437 UCSTBL
IBM-4948_UCS-2 UCSTBL
UCS-2_IBM-4948 UCSTBL
IBM-4951_UCS-2 UCSTBL
UCS-2_IBM-4951 UCSTBL
IBM-4952_UCS-2 UCSTBL
UCS-2_IBM-4952 UCSTBL
IBM-4960_UCS-2 UCSTBL
UCS-2_IBM-4960 UCSTBL
IBM-500_UCS-2 UCSTBL
UCS-2_IBM-500 UCSTBL
IBM-5037_UCS-2 UCSTBL
UCS-2_IBM-5037 UCSTBL
IBM-5039_UCS-2 UCSTBL
UCS-2_IBM-5039 UCSTBL
IBM-5048_UCS-2 UCSTBL
UCS-2_IBM-5048 UCSTBL
IBM-5049_UCS-2 UCSTBL
UCS-2_IBM-5049 UCSTBL
IBM-5142_UCS-2 UCSTBL
UCS-2_IBM-5142 UCSTBL
IBM-5478_UCS-2 UCSTBL
UCS-2_IBM-5478 UCSTBL
IBM-813_UCS-2 UCSTBL
UCS-2_IBM-813 UCSTBL
IBM-819_UCS-2 UCSTBL
UCS-2_IBM-819 UCSTBL
IBM-829_UCS-2 UCSTBL
UCS-2_IBM-829 UCSTBL
IBM-833_UCS-2 UCSTBL
UCS-2_IBM-833 UCSTBL
IBM-835_UCS-2 UCSTBL
UCS-2_IBM-835 UCSTBL
IBM-836_UCS-2 UCSTBL
UCS-2_IBM-836 UCSTBL
IBM-837_UCS-2 UCSTBL
UCS-2_IBM-837 UCSTBL
IBM-838_UCS-2 UCSTBL
UCS-2_IBM-838 UCSTBL
IBM-850_UCS-2 UCSTBL
UCS-2_IBM-850 UCSTBL
IBM-851_UCS-2 UCSTBL
UCS-2_IBM-851 UCSTBL
IBM-852_UCS-2 UCSTBL
UCS-2_IBM-852 UCSTBL
IBM-855_UCS-2 UCSTBL
UCS-2_IBM-855 UCSTBL
IBM-856_UCS-2 UCSTBL
UCS-2_IBM-856 UCSTBL
IBM-857_UCS-2 UCSTBL
UCS-2_IBM-857 UCSTBL
IBM-860_UCS-2 UCSTBL
UCS-2_IBM-860 UCSTBL
IBM-861_UCS-2 UCSTBL
UCS-2_IBM-861 UCSTBL
IBM-8612_UCS-2 UCSTBL
UCS-2_IBM-8612 UCSTBL
IBM-862_UCS-2 UCSTBL
UCS-2_IBM-862 UCSTBL
IBM-863_UCS-2 UCSTBL
UCS-2_IBM-863 UCSTBL
IBM-864_UCS-2 UCSTBL
UCS-2_IBM-864 UCSTBL
IBM-865_UCS-2 UCSTBL
UCS-2_IBM-865 UCSTBL
IBM-866_UCS-2 UCSTBL
UCS-2_IBM-866 UCSTBL
IBM-868_UCS-2 UCSTBL
UCS-2_IBM-868 UCSTBL
IBM-869_UCS-2 UCSTBL
UCS-2_IBM-869 UCSTBL
IBM-870_UCS-2 UCSTBL
UCS-2_IBM-870 UCSTBL
IBM-871_UCS-2 UCSTBL
UCS-2_IBM-871 UCSTBL
IBM-874_UCS-2 UCSTBL
UCS-2_IBM-874 UCSTBL
IBM-875_UCS-2 UCSTBL
UCS-2_IBM-875 UCSTBL
IBM-880_UCS-2 UCSTBL
UCS-2_IBM-880 UCSTBL
IBM-891_UCS-2 UCSTBL
UCS-2_IBM-891 UCSTBL
IBM-895_UCS-2 UCSTBL
UCS-2_IBM-895 UCSTBL
IBM-896_UCS-2 UCSTBL
UCS-2_IBM-896 UCSTBL
IBM-897_UCS-2 UCSTBL
UCS-2_IBM-897 UCSTBL
IBM-903_UCS-2 UCSTBL
UCS-2_IBM-903 UCSTBL
IBM-9030_UCS-2 UCSTBL
UCS-2_IBM-9030 UCSTBL
IBM-904_UCS-2 UCSTBL
UCS-2_IBM-904 UCSTBL
IBM-905_UCS-2 UCSTBL
UCS-2_IBM-905 UCSTBL
IBM-9056_UCS-2 UCSTBL
UCS-2_IBM-9056 UCSTBL
IBM-9066_UCS-2 UCSTBL
UCS-2_IBM-9066 UCSTBL
IBM-907_UCS-2 UCSTBL
UCS-2_IBM-907 UCSTBL
IBM-909_UCS-2 UCSTBL
UCS-2_IBM-909 UCSTBL
IBM-910_UCS-2 UCSTBL
UCS-2_IBM-910 UCSTBL
IBM-912_UCS-2 UCSTBL
UCS-2_IBM-912 UCSTBL
IBM-913_UCS-2 UCSTBL
UCS-2_IBM-913 UCSTBL
IBM-914_UCS-2 UCSTBL
UCS-2_IBM-914 UCSTBL
IBM-9145_UCS-2 UCSTBL
UCS-2_IBM-9145 UCSTBL
IBM-915_UCS-2 UCSTBL
UCS-2_IBM-915 UCSTBL
IBM-916_UCS-2 UCSTBL
UCS-2_IBM-916 UCSTBL
IBM-918_UCS-2 UCSTBL
UCS-2_IBM-918 UCSTBL
IBM-919_UCS-2 UCSTBL
UCS-2_IBM-919 UCSTBL
IBM-920_UCS-2 UCSTBL
UCS-2_IBM-920 UCSTBL
IBM-921_UCS-2 UCSTBL
UCS-2_IBM-921 UCSTBL
IBM-922_UCS-2 UCSTBL
UCS-2_IBM-922 UCSTBL
IBM-927_UCS-2 UCSTBL
UCS-2_IBM-927 UCSTBL
IBM-930_UCS-2 UCSTBL
UCS-2_IBM-930 UCSTBL
IBM-935_UCS-2 UCSTBL
UCS-2_IBM-935 UCSTBL
IBM-937_UCS-2 UCSTBL
UCS-2_IBM-937 UCSTBL
IBM-939_UCS-2 UCSTBL
UCS-2_IBM-939 UCSTBL
IBM-941_UCS-2 UCSTBL
UCS-2_IBM-941 UCSTBL
IBM-942_UCS-2 UCSTBL
UCS-2_IBM-942 UCSTBL
IBM-943_UCS-2 UCSTBL
UCS-2_IBM-943 UCSTBL
IBM-946_UCS-2 UCSTBL
UCS-2_IBM-946 UCSTBL
IBM-947_UCS-2 UCSTBL
UCS-2_IBM-947 UCSTBL
IBM-948_UCS-2 UCSTBL
UCS-2_IBM-948 UCSTBL
IBM-950_UCS-2 UCSTBL
UCS-2_IBM-950 UCSTBL
IBM-952_UCS-2 UCSTBL
UCS-2_IBM-952 UCSTBL
IBM-955_UCS-2 UCSTBL
UCS-2_IBM-955 UCSTBL
IBM-960_UCS-2 UCSTBL
UCS-2_IBM-960 UCSTBL
ibm-961_UCS-2 UCSTBL
UCS-2_ibm-961 UCSTBL
IBM-963_UCS-2 UCSTBL
UCS-2_IBM-963 UCSTBL
IBM-964_UCS-2 UCSTBL
UCS-2_IBM-964 UCSTBL
IBM-933_UCS-2 UCSTBL
UCS-2_IBM-933 UCSTBL
IBM-949_UCS-2 UCSTBL
UCS-2_IBM-949 UCSTBL
IBM-970_UCS-2 UCSTBL
UCS-2_IBM-970 UCSTBL
IBM-5067_UCS-2 UCSTBL
UCS-2_IBM-5067 UCSTBL
IBM-834_UCS-2 UCSTBL
UCS-2_IBM-834 UCSTBL
IBM-951_UCS-2 UCSTBL
UCS-2_IBM-951 UCSTBL
IBM-971_UCS-2 UCSTBL
UCS-2_IBM-971 UCSTBL
IBM28709_UCS-2 UCSTBL
UCS-2_IBM28709 UCSTBL
IBM33722_UCS-2 UCSTBL
UCS-2_IBM33722 UCSTBL
IBMSBDCN_UCS-2 UCSTBL
UCS-2_IBMSBDCN UCSTBL
IBMSBDTW_UCS-2 UCSTBL
UCS-2_IBMSBDTW UCSTBL
IBMUDCCN_UCS-2 UCSTBL
UCS-2_IBMUDCCN UCSTBL
IBMUDCJP_UCS-2 UCSTBL
UCS-2_IBMUDCJP UCSTBL
IBMUDCTW_UCS-2 UCSTBL
UCS-2_IBMUDCTW UCSTBL
X2081983_UCS-2 UCSTBL
UCS-2_X2081983 UCSTBL
UCS-2_UTF-8 UTF-8
UTF-8_UCS-2 UTF-8
;
